src/app/admin/page.tsx(10,3): error TS2724: '"@/lib/mock-data"' has no exported member named 'mockCreateBlockedSlot'. Did you mean 'mockGetBlockedSlots'?
src/app/admin/page.tsx(11,3): error TS2724: '"@/lib/mock-data"' has no exported member named 'mockRemoveBlockedSlot'. Did you mean 'mockGetBlockedSlots'?
src/lib/mock-data.ts(566,18): error TS2345: Argument of type '{ id: string; actor_id: string; action: string; entity_type: string; entity_id: string | null; metadata: Record<string, unknown>; created_at: string; actor: Profile | undefined; }' is not assignable to parameter of type 'AuditLog'.
  Type '{ id: string; actor_id: string; action: string; entity_type: string; entity_id: string | null; metadata: Record<string, unknown>; created_at: string; actor: Profile | undefined; }' is missing the following properties from type 'AuditLog': admin_id, details
